// Jest Snapshot v1, https://goo.gl/fbAQLP

exports[`LogIn should match snapshot upon render 1`] = `
ShallowWrapper {
  "length": 1,
  Symbol(enzyme.__root__): [Circular],
  Symbol(enzyme.__unrendered__): <LogIn />,
  Symbol(enzyme.__renderer__): Object {
    "batchedUpdates": [Function],
    "getNode": [Function],
    "render": [Function],
    "simulateEvent": [Function],
    "unmount": [Function],
  },
  Symbol(enzyme.__node__): Object {
    "instance": null,
    "key": undefined,
    "nodeType": "host",
    "props": Object {
      "children": Array [
        <form
          onChange={[Function]}
          onSubmit={[Function]}
>
          <p>
                    Email:
          </p>
           
          <input
                    name="email"
                    type="email"
          />
          <p
                    className="password"
          >
                    Password:
          </p>
           
          <input
                    name="password"
                    type="password"
          />
          <button>
                    Log In
          </button>
</form>,
        <NavLink
          activeClassName="active"
          aria-current="page"
          style={
                    Object {
                              "color": "#3B3738",
                              "textDecoration": "none",
                            }
          }
          to="/createAccount"
>
          Don't have an account? create one!
</NavLink>,
      ],
      "className": "log-in",
    },
    "ref": null,
    "rendered": Array [
      Object {
        "instance": null,
        "key": undefined,
        "nodeType": "host",
        "props": Object {
          "children": Array [
            <p>
              Email:
</p>,
            " ",
            <input
              name="email"
              type="email"
/>,
            <p
              className="password"
>
              Password:
</p>,
            " ",
            <input
              name="password"
              type="password"
/>,
            <button>
              Log In
</button>,
          ],
          "onChange": [Function],
          "onSubmit": [Function],
        },
        "ref": null,
        "rendered": Array [
          Object {
            "instance": null,
            "key": undefined,
            "nodeType": "host",
            "props": Object {
              "children": "Email:",
            },
            "ref": null,
            "rendered": "Email:",
            "type": "p",
          },
          " ",
          Object {
            "instance": null,
            "key": undefined,
            "nodeType": "host",
            "props": Object {
              "name": "email",
              "type": "email",
            },
            "ref": null,
            "rendered": null,
            "type": "input",
          },
          Object {
            "instance": null,
            "key": undefined,
            "nodeType": "host",
            "props": Object {
              "children": "Password:",
              "className": "password",
            },
            "ref": null,
            "rendered": "Password:",
            "type": "p",
          },
          " ",
          Object {
            "instance": null,
            "key": undefined,
            "nodeType": "host",
            "props": Object {
              "name": "password",
              "type": "password",
            },
            "ref": null,
            "rendered": null,
            "type": "input",
          },
          Object {
            "instance": null,
            "key": undefined,
            "nodeType": "host",
            "props": Object {
              "children": "Log In",
            },
            "ref": null,
            "rendered": "Log In",
            "type": "button",
          },
        ],
        "type": "form",
      },
      Object {
        "instance": null,
        "key": undefined,
        "nodeType": "function",
        "props": Object {
          "activeClassName": "active",
          "aria-current": "page",
          "children": "Don't have an account? create one!",
          "style": Object {
            "color": "#3B3738",
            "textDecoration": "none",
          },
          "to": "/createAccount",
        },
        "ref": null,
        "rendered": "Don't have an account? create one!",
        "type": [Function],
      },
    ],
    "type": "div",
  },
  Symbol(enzyme.__nodes__): Array [
    Object {
      "instance": null,
      "key": undefined,
      "nodeType": "host",
      "props": Object {
        "children": Array [
          <form
            onChange={[Function]}
            onSubmit={[Function]}
>
            <p>
                        Email:
            </p>
             
            <input
                        name="email"
                        type="email"
            />
            <p
                        className="password"
            >
                        Password:
            </p>
             
            <input
                        name="password"
                        type="password"
            />
            <button>
                        Log In
            </button>
</form>,
          <NavLink
            activeClassName="active"
            aria-current="page"
            style={
                        Object {
                                    "color": "#3B3738",
                                    "textDecoration": "none",
                                  }
            }
            to="/createAccount"
>
            Don't have an account? create one!
</NavLink>,
        ],
        "className": "log-in",
      },
      "ref": null,
      "rendered": Array [
        Object {
          "instance": null,
          "key": undefined,
          "nodeType": "host",
          "props": Object {
            "children": Array [
              <p>
                Email:
</p>,
              " ",
              <input
                name="email"
                type="email"
/>,
              <p
                className="password"
>
                Password:
</p>,
              " ",
              <input
                name="password"
                type="password"
/>,
              <button>
                Log In
</button>,
            ],
            "onChange": [Function],
            "onSubmit": [Function],
          },
          "ref": null,
          "rendered": Array [
            Object {
              "instance": null,
              "key": undefined,
              "nodeType": "host",
              "props": Object {
                "children": "Email:",
              },
              "ref": null,
              "rendered": "Email:",
              "type": "p",
            },
            " ",
            Object {
              "instance": null,
              "key": undefined,
              "nodeType": "host",
              "props": Object {
                "name": "email",
                "type": "email",
              },
              "ref": null,
              "rendered": null,
              "type": "input",
            },
            Object {
              "instance": null,
              "key": undefined,
              "nodeType": "host",
              "props": Object {
                "children": "Password:",
                "className": "password",
              },
              "ref": null,
              "rendered": "Password:",
              "type": "p",
            },
            " ",
            Object {
              "instance": null,
              "key": undefined,
              "nodeType": "host",
              "props": Object {
                "name": "password",
                "type": "password",
              },
              "ref": null,
              "rendered": null,
              "type": "input",
            },
            Object {
              "instance": null,
              "key": undefined,
              "nodeType": "host",
              "props": Object {
                "children": "Log In",
              },
              "ref": null,
              "rendered": "Log In",
              "type": "button",
            },
          ],
          "type": "form",
        },
        Object {
          "instance": null,
          "key": undefined,
          "nodeType": "function",
          "props": Object {
            "activeClassName": "active",
            "aria-current": "page",
            "children": "Don't have an account? create one!",
            "style": Object {
              "color": "#3B3738",
              "textDecoration": "none",
            },
            "to": "/createAccount",
          },
          "ref": null,
          "rendered": "Don't have an account? create one!",
          "type": [Function],
        },
      ],
      "type": "div",
    },
  ],
  Symbol(enzyme.__options__): Object {
    "adapter": ReactSixteenAdapter {
      "options": Object {
        "enableComponentDidUpdateOnSetState": true,
      },
    },
  },
}
`;
