// Jest Snapshot v1, https://goo.gl/fbAQLP

exports[`CourtCard should match snapshot upon render 1`] = `
ShallowWrapper {
  "length": 1,
  Symbol(enzyme.__root__): [Circular],
  Symbol(enzyme.__unrendered__): <Unknown
    account={
        Object {
            "id": 564,
            "name": "bill",
          }
    }
    addFavoriteCourt={[Function]}
    court={
        Object {
            "name": "courtney",
          }
    }
    db={
        Object {
            "grabFavoriteCourtsList": [Function],
          }
    }
    handleFavorite={[Function]}
    id={5}
    isFavorite={[Function]}
    location="aruba"
    name="courtney"
    removeFromFavorites={[Function]}
/>,
  Symbol(enzyme.__renderer__): Object {
    "batchedUpdates": [Function],
    "getNode": [Function],
    "render": [Function],
    "simulateEvent": [Function],
    "unmount": [Function],
  },
  Symbol(enzyme.__node__): Object {
    "instance": null,
    "key": undefined,
    "nodeType": "host",
    "props": Object {
      "children": Array [
        <NavLink
          activeClassName="active"
          aria-current="page"
          className="map-link"
          to="/court/5"
>
          <h2>
                    courtney
          </h2>
          <p>
                    aruba
          </p>
</NavLink>,
        <button
          onClick={[Function]}
>
          add to favorites
</button>,
      ],
      "className": "court-card",
    },
    "ref": null,
    "rendered": Array [
      Object {
        "instance": null,
        "key": undefined,
        "nodeType": "function",
        "props": Object {
          "activeClassName": "active",
          "aria-current": "page",
          "children": Array [
            <h2>
              courtney
</h2>,
            <p>
              aruba
</p>,
          ],
          "className": "map-link",
          "to": "/court/5",
        },
        "ref": null,
        "rendered": Array [
          Object {
            "instance": null,
            "key": undefined,
            "nodeType": "host",
            "props": Object {
              "children": "courtney",
            },
            "ref": null,
            "rendered": "courtney",
            "type": "h2",
          },
          Object {
            "instance": null,
            "key": undefined,
            "nodeType": "host",
            "props": Object {
              "children": "aruba",
            },
            "ref": null,
            "rendered": "aruba",
            "type": "p",
          },
        ],
        "type": [Function],
      },
      Object {
        "instance": null,
        "key": undefined,
        "nodeType": "host",
        "props": Object {
          "children": "add to favorites",
          "onClick": [Function],
        },
        "ref": null,
        "rendered": "add to favorites",
        "type": "button",
      },
    ],
    "type": "div",
  },
  Symbol(enzyme.__nodes__): Array [
    Object {
      "instance": null,
      "key": undefined,
      "nodeType": "host",
      "props": Object {
        "children": Array [
          <NavLink
            activeClassName="active"
            aria-current="page"
            className="map-link"
            to="/court/5"
>
            <h2>
                        courtney
            </h2>
            <p>
                        aruba
            </p>
</NavLink>,
          <button
            onClick={[Function]}
>
            add to favorites
</button>,
        ],
        "className": "court-card",
      },
      "ref": null,
      "rendered": Array [
        Object {
          "instance": null,
          "key": undefined,
          "nodeType": "function",
          "props": Object {
            "activeClassName": "active",
            "aria-current": "page",
            "children": Array [
              <h2>
                courtney
</h2>,
              <p>
                aruba
</p>,
            ],
            "className": "map-link",
            "to": "/court/5",
          },
          "ref": null,
          "rendered": Array [
            Object {
              "instance": null,
              "key": undefined,
              "nodeType": "host",
              "props": Object {
                "children": "courtney",
              },
              "ref": null,
              "rendered": "courtney",
              "type": "h2",
            },
            Object {
              "instance": null,
              "key": undefined,
              "nodeType": "host",
              "props": Object {
                "children": "aruba",
              },
              "ref": null,
              "rendered": "aruba",
              "type": "p",
            },
          ],
          "type": [Function],
        },
        Object {
          "instance": null,
          "key": undefined,
          "nodeType": "host",
          "props": Object {
            "children": "add to favorites",
            "onClick": [Function],
          },
          "ref": null,
          "rendered": "add to favorites",
          "type": "button",
        },
      ],
      "type": "div",
    },
  ],
  Symbol(enzyme.__options__): Object {
    "adapter": ReactSixteenAdapter {
      "options": Object {
        "enableComponentDidUpdateOnSetState": true,
      },
    },
  },
}
`;
